
> zipline-media@0.1.0 dev
> next dev -p 3001

⚠ Warning: Next.js inferred your workspace root, but it may not be correct.
 We detected multiple lockfiles and selected the directory of /Users/mattcerisano/package-lock.json as the root directory.
 To silence this warning, set `turbopack.root` in your Next.js config, or consider removing one of the lockfiles if it's not needed.
   See https://nextjs.org/docs/app/api-reference/config/next-config-js/turbopack#root-directory for more information.
 Detected additional lockfiles: 
   * /Users/mattcerisano/Documents/zipline-media/package-lock.json

▲ Next.js 16.1.4 (Turbopack)
- Local:         http://localhost:3001
- Network:       http://192.168.1.95:3001

✓ Starting...
✓ Ready in 594ms
 GET / 200 in 1473ms (compile: 1348ms, render: 125ms)
 GET /about 200 in 437ms (compile: 415ms, render: 22ms)
 GET /work 200 in 259ms (compile: 247ms, render: 13ms)
 GET /contact 200 in 311ms (compile: 298ms, render: 14ms)
 GET /work 200 in 30ms (compile: 7ms, render: 24ms)
 GET /about 200 in 15ms (compile: 3ms, render: 12ms)
 GET / 200 in 22ms (compile: 8ms, render: 15ms)
✓ Compiled in 85ms
✓ Compiled in 198ms
 GET / 200 in 230ms (compile: 138ms, render: 92ms)
 GET / 200 in 34ms (compile: 16ms, render: 18ms)
 GET / 200 in 51ms (compile: 1984µs, render: 49ms)
 GET / 200 in 24ms (compile: 2ms, render: 22ms)
 GET / 200 in 32ms (compile: 2ms, render: 29ms)
⚠ Fast Refresh had to perform a full reload when ./Documents/zipline-media/src/app/page.tsx changed. Read more: https://nextjs.org/docs/messages/fast-refresh-reload
✓ Compiled in 49ms
 GET / 200 in 124ms (compile: 38ms, render: 86ms)
✓ Compiled in 70ms
 GET / 200 in 108ms (compile: 32ms, render: 76ms)
 GET / 200 in 63ms (compile: 1588µs, render: 62ms)
 GET / 200 in 61ms (compile: 1766µs, render: 60ms)
 GET / 200 in 55ms (compile: 1858µs, render: 53ms)
 GET / 200 in 39ms (compile: 1627µs, render: 37ms)
 GET / 200 in 29ms (compile: 1860µs, render: 27ms)
 GET / 200 in 29ms (compile: 1563µs, render: 27ms)
 GET / 200 in 29ms (compile: 1402µs, render: 28ms)
 GET / 200 in 41ms (compile: 1904µs, render: 39ms)
 GET / 200 in 33ms (compile: 1577µs, render: 31ms)
 GET / 200 in 35ms (compile: 1780µs, render: 34ms)
 GET / 200 in 26ms (compile: 2ms, render: 24ms)
 GET / 200 in 15ms (compile: 3ms, render: 12ms)
 GET / 200 in 86ms (compile: 7ms, render: 78ms)
✓ Compiled in 59ms
 GET / 200 in 62ms (compile: 34ms, render: 27ms)
✓ Compiled in 22ms
 GET / 200 in 108ms (compile: 40ms, render: 68ms)
 GET / 200 in 117ms (compile: 30ms, render: 87ms)
 GET / 200 in 68ms (compile: 2ms, render: 66ms)
 GET / 200 in 44ms (compile: 6ms, render: 38ms)
 GET / 200 in 36ms (compile: 5ms, render: 30ms)
 GET / 200 in 73ms (compile: 15ms, render: 58ms)
 GET / 200 in 54ms (compile: 30ms, render: 24ms)
 GET / 200 in 76ms (compile: 13ms, render: 64ms)
✓ Compiled in 57ms
 GET / 200 in 50ms (compile: 20ms, render: 29ms)
 GET / 200 in 38ms (compile: 10ms, render: 28ms)
✓ Compiled in 12ms
✓ Compiled in 90ms
 GET /reel.mp4 404 in 372ms (compile: 275ms, render: 98ms)
✓ Compiled in 62ms
✓ Compiled in 64ms
 GET / 200 in 194ms (compile: 80ms, render: 114ms)
 GET /reel.mp4 404 in 61ms (compile: 33ms, render: 27ms)
✓ Compiled in 62ms
 GET / 200 in 160ms (compile: 51ms, render: 108ms)
 GET /reel.mp4 404 in 31ms (compile: 10ms, render: 21ms)
✓ Compiled in 61ms
 GET /broadway-reel.mp4 404 in 25ms (compile: 4ms, render: 22ms)
 GET / 200 in 138ms (compile: 56ms, render: 83ms)
 GET /reel.mp4 404 in 33ms (compile: 6ms, render: 27ms)
 GET / 200 in 62ms (compile: 12ms, render: 50ms)
 GET /reel.mp4 404 in 41ms (compile: 5ms, render: 36ms)
 GET / 200 in 42ms (compile: 7ms, render: 35ms)
 GET /reel.mp4 404 in 27ms (compile: 4ms, render: 23ms)
✓ Compiled in 19ms
 GET / 200 in 154ms (compile: 42ms, render: 111ms)
 GET / 200 in 34ms (compile: 16ms, render: 18ms)
✓ Compiled in 22ms
 GET / 200 in 141ms (compile: 52ms, render: 88ms)
 GET / 200 in 52ms (compile: 7ms, render: 45ms)
 GET / 200 in 46ms (compile: 7ms, render: 40ms)
✓ Compiled in 16ms
✓ Compiled in 10ms
✓ Compiled in 18ms
✓ Compiled in 33ms
✓ Compiled in 10ms
✓ Compiled in 164ms
 GET / 200 in 86ms (compile: 56ms, render: 30ms)
✓ Compiled in 45ms
 GET / 200 in 163ms (compile: 64ms, render: 99ms)
✓ Compiled in 12ms
✓ Compiled in 151ms
✓ Compiled in 22ms
✓ Compiled in 44ms
 GET / 200 in 101ms (compile: 34ms, render: 67ms)
 GET / 200 in 42ms (compile: 1588µs, render: 40ms)
 GET / 200 in 54ms (compile: 1485µs, render: 53ms)
 GET / 200 in 48ms (compile: 2ms, render: 46ms)
 GET / 200 in 71ms (compile: 1983µs, render: 69ms)
 GET / 200 in 51ms (compile: 3ms, render: 48ms)
 GET / 200 in 38ms (compile: 2ms, render: 36ms)
 GET / 200 in 16ms (compile: 1536µs, render: 14ms)
✓ Compiled in 19ms
✓ Compiled in 17ms
✓ Compiled in 11ms
 GET /archive 200 in 386ms (compile: 319ms, render: 67ms)
 GET / 200 in 67ms (compile: 44ms, render: 23ms)
✓ Compiled in 42ms
✓ Compiled in 16ms
✓ Compiled in 20ms
✓ Compiled in 21ms
 GET / 200 in 137ms (compile: 48ms, render: 89ms)
✓ Compiled in 20ms
✓ Compiled in 12ms
✓ Compiled in 13ms
✓ Compiled in 11ms
✓ Compiled in 29ms
✓ Compiled in 10ms
✓ Compiled in 21ms
✓ Compiled in 12ms
✓ Compiled in 18ms
✓ Compiled in 10ms
✓ Compiled in 9ms
 GET / 200 in 152ms (compile: 56ms, render: 97ms)
 GET / 200 in 24ms (compile: 9ms, render: 15ms)
 GET /archive 200 in 80ms (compile: 30ms, render: 50ms)
 GET / 200 in 64ms (compile: 11ms, render: 52ms)
 GET / 200 in 32ms (compile: 10ms, render: 21ms)
 GET / 200 in 65ms (compile: 6ms, render: 60ms)
 GET / 200 in 152ms (compile: 11ms, render: 141ms)
 GET / 200 in 480ms (compile: 306ms, render: 174ms)
✓ Compiled in 118ms
 GET / 200 in 177ms (compile: 69ms, render: 108ms)
✓ Compiled in 36ms
✓ Compiled in 39ms
✓ Compiled in 11ms
✓ Compiled in 188ms
 GET / 200 in 75ms (compile: 46ms, render: 29ms)
✓ Compiled in 19ms
✓ Compiled in 42ms
✓ Compiled in 34ms
✓ Compiled in 78ms
✓ Compiled in 23ms
✓ Compiled in 12ms
✓ Compiled in 14ms
 GET /archive 200 in 65ms (compile: 19ms, render: 46ms)
 GET /archive 200 in 47ms (compile: 18ms, render: 29ms)
 GET /archive 200 in 35ms (compile: 11ms, render: 24ms)
 GET / 200 in 96ms (compile: 72ms, render: 24ms)
 GET / 200 in 35ms (compile: 12ms, render: 23ms)
 GET /archive 200 in 51ms (compile: 6ms, render: 44ms)
✓ Compiled in 27ms
 GET / 200 in 33ms (compile: 14ms, render: 19ms)
 GET / 200 in 26ms (compile: 9ms, render: 16ms)
 GET / 200 in 28ms (compile: 11ms, render: 17ms)
 GET / 200 in 23ms (compile: 4ms, render: 19ms)
✓ Compiled in 11ms
✓ Compiled in 11ms
 GET / 200 in 93ms (compile: 56ms, render: 37ms)
 GET / 200 in 25ms (compile: 4ms, render: 21ms)
 GET / 200 in 29ms (compile: 9ms, render: 19ms)
 GET / 200 in 25ms (compile: 6ms, render: 18ms)
 GET / 200 in 26ms (compile: 6ms, render: 20ms)
✓ Compiled in 64ms
 GET / 200 in 165ms (compile: 53ms, render: 112ms)
 GET / 200 in 56ms (compile: 10ms, render: 47ms)
 GET / 200 in 39ms (compile: 18ms, render: 20ms)
 GET / 200 in 25ms (compile: 7ms, render: 18ms)
 GET / 200 in 31ms (compile: 10ms, render: 22ms)
✓ Compiled in 69ms
✓ Compiled in 63ms
✓ Compiled in 24ms
✓ Compiled in 10ms
⨯ ReferenceError: LogoTicker is not defined
    at Page (src/app/page.tsx:303:8)
  301 |       <Hero />
  302 |       <Work />
> 303 |       <LogoTicker />
      |        ^
  304 |       <About />
  305 |       <Contact />
  306 |     </main> {
  digest: '2245868259'
}
⨯ ReferenceError: LogoTicker is not defined
    at Page (src/app/page.tsx:303:8)
  301 |       <Hero />
  302 |       <Work />
> 303 |       <LogoTicker />
      |        ^
  304 |       <About />
  305 |       <Contact />
  306 |     </main> {
  digest: '2245868259'
}
 GET / 200 in 289ms (compile: 51ms, render: 238ms)
 GET / 500 in 167ms (compile: 2ms, render: 165ms)
⨯ ReferenceError: LogoTicker is not defined
    at Page (src/app/page.tsx:303:8)
  301 |       <Hero />
  302 |       <Work />
> 303 |       <LogoTicker />
      |        ^
  304 |       <About />
  305 |       <Contact />
  306 |     </main> {
  digest: '2245868259'
}
 GET / 500 in 73ms (compile: 26ms, render: 47ms)
⨯ ./Documents/zipline-media/src/app/page.tsx:2:10
Ecmascript file had an error
[0m [90m 1 |[39m [36mimport[39m { motion } [36mfrom[39m [32m'framer-motion'[39m[33m;[39m
[31m[1m>[22m[39m[90m 2 |[39m [36mimport[39m { useState } [36mfrom[39m [32m'react'[39m[33m;[39m
 [90m   |[39m          [31m[1m^[22m[39m[31m[1m^[22m[39m[31m[1m^[22m[39m[31m[1m^[22m[39m[31m[1m^[22m[39m[31m[1m^[22m[39m[31m[1m^[22m[39m[31m[1m^[22m[39m
 [90m 3 |[39m [36mimport[39m { [33mClapperboard[39m[33m,[39m [33mLightbulb[39m[33m,[39m [33mWand2[39m } [36mfrom[39m [32m'lucide-react'[39m[33m;[39m
 [90m 4 |[39m [36mimport[39m [33mLogoTicker[39m [36mfrom[39m [32m'@/components/LogoTicker'[39m[33m;[39m
 [90m 5 |[39m[0m

You're importing a component that needs `useState`. This React Hook only works in a Client Component. To fix, mark the file (or its parent) with the `"use client"` directive.

 Learn more: https://nextjs.org/docs/app/api-reference/directives/use-client




 GET / 500 in 691ms (compile: 598ms, render: 93ms)
⨯ ./Documents/zipline-media/src/app/page.tsx:2:10
Ecmascript file had an error
[0m [90m 1 |[39m [36mimport[39m { motion } [36mfrom[39m [32m'framer-motion'[39m[33m;[39m
[31m[1m>[22m[39m[90m 2 |[39m [36mimport[39m { useState } [36mfrom[39m [32m'react'[39m[33m;[39m
 [90m   |[39m          [31m[1m^[22m[39m[31m[1m^[22m[39m[31m[1m^[22m[39m[31m[1m^[22m[39m[31m[1m^[22m[39m[31m[1m^[22m[39m[31m[1m^[22m[39m[31m[1m^[22m[39m
 [90m 3 |[39m [36mimport[39m { [33mClapperboard[39m[33m,[39m [33mLightbulb[39m[33m,[39m [33mWand2[39m } [36mfrom[39m [32m'lucide-react'[39m[33m;[39m
 [90m 4 |[39m [36mimport[39m [33mLogoTicker[39m [36mfrom[39m [32m'@/components/LogoTicker'[39m[33m;[39m
 [90m 5 |[39m[0m

You're importing a component that needs `useState`. This React Hook only works in a Client Component. To fix, mark the file (or its parent) with the `"use client"` directive.

 Learn more: https://nextjs.org/docs/app/api-reference/directives/use-client




 GET / 500 in 27ms (compile: 15ms, render: 12ms)
✓ Compiled in 37ms
 GET / 200 in 222ms (compile: 99ms, render: 123ms)
 GET / 200 in 25ms (compile: 7ms, render: 18ms)
 GET / 200 in 25ms (compile: 9ms, render: 16ms)
✓ Compiled in 33ms
✓ Compiled in 39ms
✓ Compiled in 46ms
✓ Compiled in 41ms
✓ Compiled in 24ms
 GET / 200 in 116ms (compile: 86ms, render: 29ms)
 GET / 200 in 29ms (compile: 7ms, render: 22ms)
 GET / 200 in 35ms (compile: 12ms, render: 23ms)
 GET / 200 in 34ms (compile: 11ms, render: 23ms)
 GET / 200 in 28ms (compile: 6ms, render: 23ms)
 GET / 200 in 30ms (compile: 4ms, render: 26ms)
✓ Compiled in 36ms
✓ Compiled in 15ms
